Rc files read (in order):
  NONE
Latexmk: This is Latexmk, John Collins, 9 March 2026. Version 4.88.
Latexmk: applying rule 'xelatex'...
Rule 'xelatex':  Reasons for rerun
Changed files or newly in use/created:
  report.aux
  report.tex
Category 'changed_user':
  report.tex
Category 'never_run':
  xelatex

------------
Run number 1 of rule 'xelatex'
------------
------------
Running 'xelatex -no-pdf -interaction=nonstopmode -recorder  "report.tex"'
------------
This is XeTeX, Version 3.141592653-2.6-0.999998 (MiKTeX 26.5) (preloaded format=xelatex.fmt)
 restricted \write18 enabled.
entering extended mode
(report.tex
LaTeX2e <2025-11-01>
L3 programming layer <2026-03-20>
(/home/nickv/.miktex/texmfs/install/tex/latex/base/article.cls
Document Class: article 2025/01/22 v1.4n Standard LaTeX document class
(/home/nickv/.miktex/texmfs/install/tex/latex/base/size11.clo))
(/home/nickv/.miktex/texmfs/install/tex/latex/geometry/geometry.sty
(/home/nickv/.miktex/texmfs/install/tex/latex/graphics/keyval.sty)
(/home/nickv/.miktex/texmfs/install/tex/generic/iftex/ifvtex.sty
(/home/nickv/.miktex/texmfs/install/tex/generic/iftex/iftex.sty))
(/home/nickv/.miktex/texmfs/install/tex/latex/geometry/geometry.cfg))
(/home/nickv/.miktex/texmfs/install/tex/latex/amsmath/amsmath.sty
For additional information on amsmath, use the `?' option.
(/home/nickv/.miktex/texmfs/install/tex/latex/amsmath/amstext.sty
(/home/nickv/.miktex/texmfs/install/tex/latex/amsmath/amsgen.sty))
(/home/nickv/.miktex/texmfs/install/tex/latex/amsmath/amsbsy.sty)
(/home/nickv/.miktex/texmfs/install/tex/latex/amsmath/amsopn.sty))
(/home/nickv/.miktex/texmfs/install/tex/latex/amsfonts/amssymb.sty
(/home/nickv/.miktex/texmfs/install/tex/latex/amsfonts/amsfonts.sty))
(/home/nickv/.miktex/texmfs/install/tex/latex/graphics/graphicx.sty
(/home/nickv/.miktex/texmfs/install/tex/latex/graphics/graphics.sty
(/home/nickv/.miktex/texmfs/install/tex/latex/graphics/trig.sty)
(/home/nickv/.miktex/texmfs/install/tex/latex/graphics-cfg/graphics.cfg)
(/home/nickv/.miktex/texmfs/install/tex/latex/graphics-def/xetex.def)))
(/home/nickv/.miktex/texmfs/install/tex/latex/booktabs/booktabs.sty)
(/home/nickv/.miktex/texmfs/install/tex/latex/tools/array.sty)
(/home/nickv/.miktex/texmfs/install/tex/latex/xcolor/xcolor.sty
(/home/nickv/.miktex/texmfs/install/tex/latex/graphics-cfg/color.cfg)
(/home/nickv/.miktex/texmfs/install/tex/latex/graphics/mathcolor.ltx))
(/home/nickv/.miktex/texmfs/install/tex/latex/listings/listings.sty
(/home/nickv/.miktex/texmfs/install/tex/latex/listings/lstpatch.sty)
(/home/nickv/.miktex/texmfs/install/tex/latex/listings/lstmisc.sty)
(/home/nickv/.miktex/texmfs/install/tex/latex/listings/listings.cfg))
==> First Aid for listings.sty no longer applied!
    Expected:
        2024/09/23 1.10c (Carsten Heinz)
    but found:
        2025/11/14 1.11b (Carsten Heinz)
    so I'm assuming it got fixed.
(/home/nickv/.miktex/texmfs/install/tex/latex/enumitem/enumitem.sty)
(/home/nickv/.miktex/texmfs/install/tex/latex/caption/caption.sty
(/home/nickv/.miktex/texmfs/install/tex/latex/caption/caption3.sty))
(/home/nickv/.miktex/texmfs/install/tex/latex/caption/subcaption.sty)
(/home/nickv/.miktex/texmfs/install/tex/latex/hyperref/hyperref.sty
(/home/nickv/.miktex/texmfs/install/tex/latex/kvsetkeys/kvsetkeys.sty)
(/home/nickv/.miktex/texmfs/install/tex/generic/kvdefinekeys/kvdefinekeys.sty)
(/home/nickv/.miktex/texmfs/install/tex/generic/pdfescape/pdfescape.sty
(/home/nickv/.miktex/texmfs/install/tex/generic/ltxcmds/ltxcmds.sty)
(/home/nickv/.miktex/texmfs/install/tex/generic/pdftexcmds/pdftexcmds.sty
(/home/nickv/.miktex/texmfs/install/tex/generic/infwarerr/infwarerr.sty)))
(/home/nickv/.miktex/texmfs/install/tex/latex/hycolor/hycolor.sty)
(/home/nickv/.miktex/texmfs/install/tex/latex/hyperref/nameref.sty
(/home/nickv/.miktex/texmfs/install/tex/latex/refcount/refcount.sty)
(/home/nickv/.miktex/texmfs/install/tex/generic/gettitlestring/gettitlestring.s
ty (/home/nickv/.miktex/texmfs/install/tex/latex/kvoptions/kvoptions.sty)))
(/home/nickv/.miktex/texmfs/install/tex/latex/etoolbox/etoolbox.sty)
(/home/nickv/.miktex/texmfs/install/tex/generic/stringenc/stringenc.sty)
(/home/nickv/.miktex/texmfs/install/tex/latex/hyperref/pd1enc.def)
(/home/nickv/.miktex/texmfs/install/tex/generic/intcalc/intcalc.sty)
(/home/nickv/.miktex/texmfs/install/tex/latex/hyperref/puenc.def)
(/home/nickv/.miktex/texmfs/install/tex/latex/url/url.sty)
(/home/nickv/.miktex/texmfs/install/tex/generic/bitset/bitset.sty
(/home/nickv/.miktex/texmfs/install/tex/generic/bigintcalc/bigintcalc.sty)))
(/home/nickv/.miktex/texmfs/install/tex/latex/hyperref/hxetex.def
(/home/nickv/.miktex/texmfs/install/tex/latex/rerunfilecheck/rerunfilecheck.sty

(/home/nickv/.miktex/texmfs/install/tex/generic/uniquecounter/uniquecounter.sty
))) (/home/nickv/.miktex/texmfs/install/tex/latex/microtype/microtype.sty
(/home/nickv/.miktex/texmfs/install/tex/latex/microtype/microtype-xetex.def)
(/home/nickv/.miktex/texmfs/install/tex/latex/microtype/microtype.cfg))
(/home/nickv/.miktex/texmfs/install/tex/latex/algorithms/algorithm.sty
(/home/nickv/.miktex/texmfs/install/tex/latex/float/float.sty)
(/home/nickv/.miktex/texmfs/install/tex/latex/base/ifthen.sty))
(/home/nickv/.miktex/texmfs/install/tex/latex/algorithmicx/algpseudocode.sty
(/home/nickv/.miktex/texmfs/install/tex/latex/algorithmicx/algorithmicx.sty
Document Style algorithmicx 1.2 - a greatly improved `algorithmic' style
)
Document Style - pseudocode environments for use with the `algorithmicx' style
) (/home/nickv/.miktex/texmfs/install/tex/latex/listings/lstlang1.sty)
(/home/nickv/.miktex/texmfs/install/tex/latex/l3backend/l3backend-xetex.def)
(report.aux)
*geometry* driver: auto-detecting
*geometry* detected driver: xetex
(report.out) (report.out)
(/home/nickv/.miktex/texmfs/install/tex/latex/microtype/mt-LatinModernRoman.cfg
) (/home/nickv/.miktex/texmfs/install/tex/latex/microtype/mt-cmr.cfg)
(/home/nickv/.miktex/texmfs/install/tex/latex/amsfonts/umsa.fd)
(/home/nickv/.miktex/texmfs/install/tex/latex/microtype/mt-msa.cfg)
(/home/nickv/.miktex/texmfs/install/tex/latex/amsfonts/umsb.fd)
(/home/nickv/.miktex/texmfs/install/tex/latex/microtype/mt-msb.cfg) [1]
(report.toc) [2] [3] [4] [5] [6] [7] [8]
Overfull \hbox (54.47055pt too wide) in paragraph at lines 419--424
\TU/lmr/m/n/10.95 We evaluate both policies on the same double-pendulum swing-u
p task with the shared \TU/lmtt/m/n/10.95 evaluate_methods.py
[9] [10] [11] [12] [13] [14]

LaTeX Warning: Reference `tab:bc_hyperparams' on page 15 undefined on input lin
e 631.

[15] [16]
Overfull \hbox (37.47443pt too wide) in paragraph at lines 688--690
[]\TU/lmr/bx/n/10.95 Noise Schedule. \TU/lmr/m/n/10.95 The forward and reverse 
diffusion processes are managed by a \TU/lmtt/m/n/10.95 DiffusionScheduler

LaTeX Warning: Reference `tab:diff_train_hyperparams' on page 17 undefined on i
nput line 698.

[17]

LaTeX Warning: Reference `tab:diff_inference_hyperparams' on page 18 undefined 
on input line 726.

[18] [19]
Overfull \hbox (4.67006pt too wide) in paragraph at lines 808--828
 [][] 
[20] [21] [22] [23] (report.aux)

LaTeX Warning: There were undefined references.


LaTeX Warning: Label(s) may have changed. Rerun to get cross-references right.

 )
(see the transcript file for additional information)
Output written on report.xdv (23 pages, 463464 bytes).
Transcript written on report.log.
xelatex: major issue: So far, you have not checked for MiKTeX updates.
Latexmk: Getting log file 'report.log'
Latexmk: Examining 'report.fls'
Latexmk: Examining 'report.log'
Latexmk: References changed.
Latexmk: Log file says output to 'report.xdv'
Latexmk: applying rule 'xelatex'...
Rule 'xelatex':  Reasons for rerun
Changed files or newly in use/created:
  report.aux
  report.out
  report.toc

------------
Run number 2 of rule 'xelatex'
------------
------------
Running 'xelatex -no-pdf -interaction=nonstopmode -recorder  "report.tex"'
------------
This is XeTeX, Version 3.141592653-2.6-0.999998 (MiKTeX 26.5) (preloaded format=xelatex.fmt)
 restricted \write18 enabled.
entering extended mode
(report.tex
LaTeX2e <2025-11-01>
L3 programming layer <2026-03-20>
(/home/nickv/.miktex/texmfs/install/tex/latex/base/article.cls
Document Class: article 2025/01/22 v1.4n Standard LaTeX document class
(/home/nickv/.miktex/texmfs/install/tex/latex/base/size11.clo))
(/home/nickv/.miktex/texmfs/install/tex/latex/geometry/geometry.sty
(/home/nickv/.miktex/texmfs/install/tex/latex/graphics/keyval.sty)
(/home/nickv/.miktex/texmfs/install/tex/generic/iftex/ifvtex.sty
(/home/nickv/.miktex/texmfs/install/tex/generic/iftex/iftex.sty))
(/home/nickv/.miktex/texmfs/install/tex/latex/geometry/geometry.cfg))
(/home/nickv/.miktex/texmfs/install/tex/latex/amsmath/amsmath.sty
For additional information on amsmath, use the `?' option.
(/home/nickv/.miktex/texmfs/install/tex/latex/amsmath/amstext.sty
(/home/nickv/.miktex/texmfs/install/tex/latex/amsmath/amsgen.sty))
(/home/nickv/.miktex/texmfs/install/tex/latex/amsmath/amsbsy.sty)
(/home/nickv/.miktex/texmfs/install/tex/latex/amsmath/amsopn.sty))
(/home/nickv/.miktex/texmfs/install/tex/latex/amsfonts/amssymb.sty
(/home/nickv/.miktex/texmfs/install/tex/latex/amsfonts/amsfonts.sty))
(/home/nickv/.miktex/texmfs/install/tex/latex/graphics/graphicx.sty
(/home/nickv/.miktex/texmfs/install/tex/latex/graphics/graphics.sty
(/home/nickv/.miktex/texmfs/install/tex/latex/graphics/trig.sty)
(/home/nickv/.miktex/texmfs/install/tex/latex/graphics-cfg/graphics.cfg)
(/home/nickv/.miktex/texmfs/install/tex/latex/graphics-def/xetex.def)))
(/home/nickv/.miktex/texmfs/install/tex/latex/booktabs/booktabs.sty)
(/home/nickv/.miktex/texmfs/install/tex/latex/tools/array.sty)
(/home/nickv/.miktex/texmfs/install/tex/latex/xcolor/xcolor.sty
(/home/nickv/.miktex/texmfs/install/tex/latex/graphics-cfg/color.cfg)
(/home/nickv/.miktex/texmfs/install/tex/latex/graphics/mathcolor.ltx))
(/home/nickv/.miktex/texmfs/install/tex/latex/listings/listings.sty
(/home/nickv/.miktex/texmfs/install/tex/latex/listings/lstpatch.sty)
(/home/nickv/.miktex/texmfs/install/tex/latex/listings/lstmisc.sty)
(/home/nickv/.miktex/texmfs/install/tex/latex/listings/listings.cfg))
==> First Aid for listings.sty no longer applied!
    Expected:
        2024/09/23 1.10c (Carsten Heinz)
    but found:
        2025/11/14 1.11b (Carsten Heinz)
    so I'm assuming it got fixed.
(/home/nickv/.miktex/texmfs/install/tex/latex/enumitem/enumitem.sty)
(/home/nickv/.miktex/texmfs/install/tex/latex/caption/caption.sty
(/home/nickv/.miktex/texmfs/install/tex/latex/caption/caption3.sty))
(/home/nickv/.miktex/texmfs/install/tex/latex/caption/subcaption.sty)
(/home/nickv/.miktex/texmfs/install/tex/latex/hyperref/hyperref.sty
(/home/nickv/.miktex/texmfs/install/tex/latex/kvsetkeys/kvsetkeys.sty)
(/home/nickv/.miktex/texmfs/install/tex/generic/kvdefinekeys/kvdefinekeys.sty)
(/home/nickv/.miktex/texmfs/install/tex/generic/pdfescape/pdfescape.sty
(/home/nickv/.miktex/texmfs/install/tex/generic/ltxcmds/ltxcmds.sty)
(/home/nickv/.miktex/texmfs/install/tex/generic/pdftexcmds/pdftexcmds.sty
(/home/nickv/.miktex/texmfs/install/tex/generic/infwarerr/infwarerr.sty)))
(/home/nickv/.miktex/texmfs/install/tex/latex/hycolor/hycolor.sty)
(/home/nickv/.miktex/texmfs/install/tex/latex/hyperref/nameref.sty
(/home/nickv/.miktex/texmfs/install/tex/latex/refcount/refcount.sty)
(/home/nickv/.miktex/texmfs/install/tex/generic/gettitlestring/gettitlestring.s
ty (/home/nickv/.miktex/texmfs/install/tex/latex/kvoptions/kvoptions.sty)))
(/home/nickv/.miktex/texmfs/install/tex/latex/etoolbox/etoolbox.sty)
(/home/nickv/.miktex/texmfs/install/tex/generic/stringenc/stringenc.sty)
(/home/nickv/.miktex/texmfs/install/tex/latex/hyperref/pd1enc.def)
(/home/nickv/.miktex/texmfs/install/tex/generic/intcalc/intcalc.sty)
(/home/nickv/.miktex/texmfs/install/tex/latex/hyperref/puenc.def)
(/home/nickv/.miktex/texmfs/install/tex/latex/url/url.sty)
(/home/nickv/.miktex/texmfs/install/tex/generic/bitset/bitset.sty
(/home/nickv/.miktex/texmfs/install/tex/generic/bigintcalc/bigintcalc.sty)))
(/home/nickv/.miktex/texmfs/install/tex/latex/hyperref/hxetex.def
(/home/nickv/.miktex/texmfs/install/tex/latex/rerunfilecheck/rerunfilecheck.sty

(/home/nickv/.miktex/texmfs/install/tex/generic/uniquecounter/uniquecounter.sty
))) (/home/nickv/.miktex/texmfs/install/tex/latex/microtype/microtype.sty
(/home/nickv/.miktex/texmfs/install/tex/latex/microtype/microtype-xetex.def)
(/home/nickv/.miktex/texmfs/install/tex/latex/microtype/microtype.cfg))
(/home/nickv/.miktex/texmfs/install/tex/latex/algorithms/algorithm.sty
(/home/nickv/.miktex/texmfs/install/tex/latex/float/float.sty)
(/home/nickv/.miktex/texmfs/install/tex/latex/base/ifthen.sty))
(/home/nickv/.miktex/texmfs/install/tex/latex/algorithmicx/algpseudocode.sty
(/home/nickv/.miktex/texmfs/install/tex/latex/algorithmicx/algorithmicx.sty
Document Style algorithmicx 1.2 - a greatly improved `algorithmic' style
)
Document Style - pseudocode environments for use with the `algorithmicx' style
) (/home/nickv/.miktex/texmfs/install/tex/latex/listings/lstlang1.sty)
(/home/nickv/.miktex/texmfs/install/tex/latex/l3backend/l3backend-xetex.def)
(report.aux)
*geometry* driver: auto-detecting
*geometry* detected driver: xetex
(report.out) (report.out)
(/home/nickv/.miktex/texmfs/install/tex/latex/microtype/mt-LatinModernRoman.cfg
) (/home/nickv/.miktex/texmfs/install/tex/latex/microtype/mt-cmr.cfg)
(/home/nickv/.miktex/texmfs/install/tex/latex/amsfonts/umsa.fd)
(/home/nickv/.miktex/texmfs/install/tex/latex/microtype/mt-msa.cfg)
(/home/nickv/.miktex/texmfs/install/tex/latex/amsfonts/umsb.fd)
(/home/nickv/.miktex/texmfs/install/tex/latex/microtype/mt-msb.cfg) [1]
(report.toc) [2] [3] [4] [5] [6] [7] [8]
Overfull \hbox (54.47055pt too wide) in paragraph at lines 419--424
\TU/lmr/m/n/10.95 We evaluate both policies on the same double-pendulum swing-u
p task with the shared \TU/lmtt/m/n/10.95 evaluate_methods.py
[9] [10] [11] [12] [13] [14] [15] [16]
Overfull \hbox (37.47443pt too wide) in paragraph at lines 688--690
[]\TU/lmr/bx/n/10.95 Noise Schedule. \TU/lmr/m/n/10.95 The forward and reverse 
diffusion processes are managed by a \TU/lmtt/m/n/10.95 DiffusionScheduler
[17] [18] [19]
Overfull \hbox (4.67006pt too wide) in paragraph at lines 808--828
 [][] 
[20] [21] [22] [23] (report.aux) )
(see the transcript file for additional information)
Output written on report.xdv (23 pages, 463732 bytes).
Transcript written on report.log.
xelatex: major issue: So far, you have not checked for MiKTeX updates.
Latexmk: Getting log file 'report.log'
Latexmk: Examining 'report.fls'
Latexmk: Examining 'report.log'
Latexmk: Log file says output to 'report.xdv'
Latexmk: applying rule 'xdvipdfmx'...
Rule 'xdvipdfmx':  Reasons for rerun
Changed files or newly in use/created:
  report.xdv
Category 'changed_source_rules':
  xelatex

------------
Run number 1 of rule 'xdvipdfmx'
------------
------------
Running 'xdvipdfmx -E -o "report.pdf"  "report.xdv"'
------------
report.xdv -> report.pdf
[1][2][3][4][5][6][7][8][9][10][11][12][13][14][15][16][17][18][19][20][21][22][23]
2725367 bytes written
xdvipdfmx: major issue: So far, you have not checked for MiKTeX updates.
Latexmk: All targets (report.xdv report.pdf) are up-to-date

latexmk: major issue: So far, you have not checked for MiKTeX updates.
