\BOOKMARK [1][-]{section.1}{\376\377\000I\000n\000t\000r\000o\000d\000u\000c\000t\000i\000o\000n}{}% 1
\BOOKMARK [1][-]{section.2}{\376\377\000B\000e\000h\000a\000v\000i\000o\000u\000r\000a\000l\000\040\000C\000l\000o\000n\000i\000n\000g\000\040\000-\000\040\000D\000o\000u\000b\000l\000e\000\040\000P\000e\000n\000d\000u\000l\000u\000m\000\040\000C\000a\000s\000e}{}% 2
\BOOKMARK [2][-]{subsection.2.1}{\376\377\000B\000e\000h\000a\000v\000i\000o\000u\000r\000a\000l\000\040\000C\000l\000o\000n\000i\000n\000g\000\040\000m\000o\000d\000e\000l\000\040\000a\000n\000d\000\040\000p\000o\000l\000i\000c\000y\000\040\000t\000r\000a\000i\000n\000i\000n\000g}{section.2}% 3
\BOOKMARK [2][-]{subsection.2.2}{\376\377\000D\000i\000f\000f\000u\000s\000i\000o\000n}{section.2}% 4
\BOOKMARK [2][-]{subsection.2.3}{\376\377\000G\000e\000n\000e\000r\000a\000t\000i\000n\000g\000\040\000D\000a\000t\000a\000s\000e\000t}{section.2}% 5
\BOOKMARK [3][-]{subsubsection.2.3.1}{\376\377\000D\000y\000n\000a\000m\000i\000c\000s\000\040\000M\000o\000d\000e\000l}{subsection.2.3}% 6
\BOOKMARK [3][-]{subsubsection.2.3.2}{\376\377\000T\000r\000a\000j\000e\000c\000t\000o\000r\000y\000\040\000O\000p\000t\000i\000m\000i\000z\000a\000t\000i\000o\000n}{subsection.2.3}% 7
\BOOKMARK [3][-]{subsubsection.2.3.3}{\376\377\000T\000V\000L\000Q\000R\000\040\000T\000r\000a\000c\000k\000i\000n\000g\000\040\000a\000n\000d\000\040\000C\000l\000o\000s\000e\000d\000-\000L\000o\000o\000p\000\040\000R\000o\000l\000l\000o\000u\000t}{subsection.2.3}% 8
\BOOKMARK [3][-]{subsubsection.2.3.4}{\376\377\000D\000A\000g\000g\000e\000r\000-\000S\000t\000y\000l\000e\000\040\000C\000o\000v\000e\000r\000a\000g\000e}{subsection.2.3}% 9
\BOOKMARK [3][-]{subsubsection.2.3.5}{\376\377\000D\000a\000t\000a\000s\000e\000t\000\040\000C\000o\000m\000p\000o\000s\000i\000t\000i\000o\000n}{subsection.2.3}% 10
\BOOKMARK [2][-]{subsection.2.4}{\376\377\000D\000i\000f\000f\000u\000s\000i\000o\000n\000\040\000P\000o\000l\000i\000c\000y\000\040\000M\000o\000d\000e\000l}{section.2}% 11
\BOOKMARK [3][-]{subsubsection.2.4.1}{\376\377\000C\000o\000n\000d\000i\000t\000i\000o\000n\000i\000n\000g\000\040\000a\000n\000d\000\040\000A\000c\000t\000i\000o\000n\000\040\000R\000e\000p\000r\000e\000s\000e\000n\000t\000a\000t\000i\000o\000n}{subsection.2.4}% 12
\BOOKMARK [3][-]{subsubsection.2.4.2}{\376\377\000N\000o\000i\000s\000e\000-\000P\000r\000e\000d\000i\000c\000t\000i\000o\000n\000\040\000N\000e\000t\000w\000o\000r\000k}{subsection.2.4}% 13
\BOOKMARK [3][-]{subsubsection.2.4.3}{\376\377\000N\000o\000i\000s\000e\000\040\000S\000c\000h\000e\000d\000u\000l\000e\000\040\000a\000n\000d\000\040\000T\000e\000r\000m\000i\000n\000a\000l\000\040\000S\000N\000R}{subsection.2.4}% 14
\BOOKMARK [3][-]{subsubsection.2.4.4}{\376\377\000T\000r\000a\000i\000n\000i\000n\000g\000\040\000T\000r\000i\000c\000k\000s}{subsection.2.4}% 15
\BOOKMARK [3][-]{subsubsection.2.4.5}{\376\377\000I\000n\000f\000e\000r\000e\000n\000c\000e\000\040\000a\000n\000d\000\040\000C\000o\000n\000t\000r\000o\000l\000\040\000T\000r\000i\000c\000k\000s}{subsection.2.4}% 16
\BOOKMARK [2][-]{subsection.2.5}{\376\377\000C\000o\000m\000p\000a\000r\000i\000s\000o\000n}{section.2}% 17
\BOOKMARK [3][-]{subsubsection.2.5.1}{\376\377\000A\000g\000g\000r\000e\000g\000a\000t\000e\000\040\000m\000e\000t\000r\000i\000c\000s}{subsection.2.5}% 18
\BOOKMARK [3][-]{subsubsection.2.5.2}{\376\377\000R\000o\000b\000u\000s\000t\000n\000e\000s\000s\000\040\000t\000o\000\040\000o\000b\000s\000e\000r\000v\000a\000t\000i\000o\000n\000\040\000n\000o\000i\000s\000e}{subsection.2.5}% 19
\BOOKMARK [3][-]{subsubsection.2.5.3}{\376\377\000E\000x\000a\000m\000p\000l\000e\000\040\000t\000r\000a\000j\000e\000c\000t\000o\000r\000i\000e\000s}{subsection.2.5}% 20
\BOOKMARK [3][-]{subsubsection.2.5.4}{\376\377\000D\000i\000f\000f\000u\000s\000i\000o\000n\000\040\000d\000e\000s\000i\000g\000n\000\040\000a\000b\000l\000a\000t\000i\000o\000n\000s}{subsection.2.5}% 21
\BOOKMARK [3][-]{subsubsection.2.5.5}{\376\377\000S\000u\000m\000m\000a\000r\000y}{subsection.2.5}% 22
\BOOKMARK [1][-]{section.3}{\376\377\000R\000o\000b\000o\000t\000i\000c\000\040\000M\000a\000n\000i\000p\000u\000l\000a\000t\000i\000o\000n\000:\000\040\000C\000u\000b\000e\000\040\000S\000t\000a\000c\000k\000i\000n\000g}{}% 23
\BOOKMARK [2][-]{subsection.3.1}{\376\377\000O\000v\000e\000r\000v\000i\000e\000w\000\040\000\046\000\040\000C\000o\000n\000t\000r\000o\000l\000\040\000T\000a\000s\000k}{section.3}% 24
\BOOKMARK [3][-]{subsubsection.3.1.1}{\376\377\000A\000c\000t\000i\000o\000n\000\040\000S\000p\000a\000c\000e}{subsection.3.1}% 25
\BOOKMARK [3][-]{subsubsection.3.1.2}{\376\377\000S\000t\000a\000t\000e\000\040\000S\000p\000a\000c\000e}{subsection.3.1}% 26
\BOOKMARK [3][-]{subsubsection.3.1.3}{\376\377\000T\000r\000a\000i\000n\000i\000n\000g\000\040\000\046\000\040\000H\000o\000r\000i\000z\000o\000n\000\040\000C\000o\000n\000t\000r\000o\000l\000\040\000G\000o\000a\000l}{subsection.3.1}% 27
\BOOKMARK [2][-]{subsection.3.2}{\376\377\000D\000a\000t\000a\000s\000e\000t\000\040\000O\000v\000e\000r\000v\000i\000e\000w}{section.3}% 28
\BOOKMARK [2][-]{subsection.3.3}{\376\377\000B\000e\000h\000a\000v\000i\000o\000r\000\040\000C\000l\000o\000n\000i\000n\000g\000\040\000M\000o\000d\000e\000l}{section.3}% 29
\BOOKMARK [3][-]{subsubsection.3.3.1}{\376\377\000M\000o\000d\000e\000l\000\040\000A\000r\000c\000h\000i\000t\000e\000c\000t\000u\000r\000e}{subsection.3.3}% 30
\BOOKMARK [3][-]{subsubsection.3.3.2}{\376\377\000T\000r\000a\000i\000n\000i\000n\000g\000\040\000\046\000\040\000H\000y\000p\000e\000r\000p\000a\000r\000a\000m\000e\000t\000e\000r\000s}{subsection.3.3}% 31
\BOOKMARK [2][-]{subsection.3.4}{\376\377\000T\000e\000s\000t\000i\000n\000g\000\040\000E\000n\000v\000i\000r\000o\000n\000m\000e\000n\000t}{section.3}% 32
\BOOKMARK [2][-]{subsection.3.5}{\376\377\000E\000v\000a\000l\000u\000a\000t\000i\000o\000n\000\040\000R\000e\000s\000u\000l\000t\000s}{section.3}% 33
\BOOKMARK [1][-]{section.4}{\376\377\000C\000o\000n\000c\000l\000u\000s\000i\000o\000n}{}% 34
