/home/nickv/.pyenv/versions/school-env/lib/python3.10/site-packages/torch/nn/modules/transformer.py:379: UserWarning: enable_nested_tensor is True, but self.use_nested_tensor is False because encoder_layer.norm_first was True
  warnings.warn(
Dataset: 31800 windows | cond_dim=42 | action_seq=(8,2)
Training arch='transformer' on cuda for 200 epochs (454,402 params)...
/home/nickv/.pyenv/versions/school-env/lib/python3.10/site-packages/torch/optim/lr_scheduler.py:224: UserWarning: Detected call of `lr_scheduler.step()` before `optimizer.step()`. In PyTorch 1.1.0 and later, you should call them in the opposite order: `optimizer.step()` before `lr_scheduler.step()`.  Failure to do this will result in PyTorch skipping the first value of the learning rate schedule. See more details at https://pytorch.org/docs/stable/optim.html#how-to-adjust-learning-rate
  warnings.warn(
Epoch   1/200  avg_loss=0.26940  lr=1.00e-04
Epoch   2/200  avg_loss=0.13591  lr=1.00e-04
Epoch   3/200  avg_loss=0.11949  lr=9.99e-05
Epoch   4/200  avg_loss=0.11092  lr=9.99e-05
Epoch   5/200  avg_loss=0.10849  lr=9.98e-05
Epoch   6/200  avg_loss=0.10551  lr=9.98e-05
Epoch   7/200  avg_loss=0.09837  lr=9.97e-05
Epoch   8/200  avg_loss=0.09759  lr=9.96e-05
Epoch   9/200  avg_loss=0.09683  lr=9.95e-05
Epoch  10/200  avg_loss=0.09415  lr=9.94e-05
Epoch  11/200  avg_loss=0.09192  lr=9.93e-05
Epoch  12/200  avg_loss=0.09306  lr=9.91e-05
Epoch  13/200  avg_loss=0.09254  lr=9.90e-05
Epoch  14/200  avg_loss=0.09010  lr=9.88e-05
Epoch  15/200  avg_loss=0.08863  lr=9.86e-05
Epoch  16/200  avg_loss=0.08645  lr=9.84e-05
Epoch  17/200  avg_loss=0.08730  lr=9.82e-05
Epoch  18/200  avg_loss=0.08622  lr=9.80e-05
Epoch  19/200  avg_loss=0.08503  lr=9.78e-05
Epoch  20/200  avg_loss=0.08479  lr=9.76e-05
Epoch  21/200  avg_loss=0.08457  lr=9.73e-05
Epoch  22/200  avg_loss=0.08393  lr=9.70e-05
Epoch  23/200  avg_loss=0.08286  lr=9.68e-05
Epoch  24/200  avg_loss=0.08292  lr=9.65e-05
Epoch  25/200  avg_loss=0.08185  lr=9.62e-05
Epoch  26/200  avg_loss=0.08352  lr=9.59e-05
Epoch  27/200  avg_loss=0.08110  lr=9.56e-05
Epoch  28/200  avg_loss=0.08278  lr=9.52e-05
Epoch  29/200  avg_loss=0.08105  lr=9.49e-05
Epoch  30/200  avg_loss=0.08130  lr=9.46e-05
Epoch  31/200  avg_loss=0.08042  lr=9.42e-05
Epoch  32/200  avg_loss=0.07962  lr=9.38e-05
Epoch  33/200  avg_loss=0.08095  lr=9.34e-05
Epoch  34/200  avg_loss=0.07880  lr=9.30e-05
Epoch  35/200  avg_loss=0.07893  lr=9.26e-05
Epoch  36/200  avg_loss=0.08021  lr=9.22e-05
Epoch  37/200  avg_loss=0.07753  lr=9.18e-05
Epoch  38/200  avg_loss=0.07891  lr=9.14e-05
Epoch  39/200  avg_loss=0.07860  lr=9.09e-05
Epoch  40/200  avg_loss=0.07685  lr=9.05e-05
Epoch  41/200  avg_loss=0.07607  lr=9.00e-05
Epoch  42/200  avg_loss=0.07889  lr=8.95e-05
Epoch  43/200  avg_loss=0.07662  lr=8.90e-05
Epoch  44/200  avg_loss=0.07790  lr=8.85e-05
Epoch  45/200  avg_loss=0.07706  lr=8.80e-05
Epoch  46/200  avg_loss=0.07514  lr=8.75e-05
Epoch  47/200  avg_loss=0.07686  lr=8.70e-05
Epoch  48/200  avg_loss=0.07742  lr=8.64e-05
Epoch  49/200  avg_loss=0.07731  lr=8.59e-05
Epoch  50/200  avg_loss=0.07746  lr=8.54e-05
Epoch  51/200  avg_loss=0.07539  lr=8.48e-05
Epoch  52/200  avg_loss=0.07658  lr=8.42e-05
Epoch  53/200  avg_loss=0.07692  lr=8.37e-05
Epoch  54/200  avg_loss=0.07359  lr=8.31e-05
Epoch  55/200  avg_loss=0.07604  lr=8.25e-05
Epoch  56/200  avg_loss=0.07333  lr=8.19e-05
Epoch  57/200  avg_loss=0.07488  lr=8.13e-05
Epoch  58/200  avg_loss=0.07449  lr=8.06e-05
Epoch  59/200  avg_loss=0.07367  lr=8.00e-05
Epoch  60/200  avg_loss=0.07277  lr=7.94e-05
Epoch  61/200  avg_loss=0.07390  lr=7.88e-05
Epoch  62/200  avg_loss=0.07436  lr=7.81e-05
Epoch  63/200  avg_loss=0.07222  lr=7.75e-05
Epoch  64/200  avg_loss=0.07331  lr=7.68e-05
Epoch  65/200  avg_loss=0.07268  lr=7.61e-05
Epoch  66/200  avg_loss=0.07148  lr=7.55e-05
Epoch  67/200  avg_loss=0.07162  lr=7.48e-05
Epoch  68/200  avg_loss=0.07300  lr=7.41e-05
Epoch  69/200  avg_loss=0.07147  lr=7.34e-05
Epoch  70/200  avg_loss=0.07259  lr=7.27e-05
Epoch  71/200  avg_loss=0.07095  lr=7.20e-05
Epoch  72/200  avg_loss=0.06891  lr=7.13e-05
Epoch  73/200  avg_loss=0.07094  lr=7.06e-05
Epoch  74/200  avg_loss=0.06933  lr=6.99e-05
Epoch  75/200  avg_loss=0.06956  lr=6.91e-05
Epoch  76/200  avg_loss=0.06832  lr=6.84e-05
Epoch  77/200  avg_loss=0.06890  lr=6.77e-05
Epoch  78/200  avg_loss=0.06942  lr=6.69e-05
Epoch  79/200  avg_loss=0.06739  lr=6.62e-05
Epoch  80/200  avg_loss=0.06960  lr=6.55e-05
Epoch  81/200  avg_loss=0.06676  lr=6.47e-05
Epoch  82/200  avg_loss=0.06842  lr=6.39e-05
Epoch  83/200  avg_loss=0.06748  lr=6.32e-05
Epoch  84/200  avg_loss=0.06822  lr=6.24e-05
Epoch  85/200  avg_loss=0.06692  lr=6.17e-05
Epoch  86/200  avg_loss=0.06729  lr=6.09e-05
Epoch  87/200  avg_loss=0.06547  lr=6.01e-05
Epoch  88/200  avg_loss=0.06631  lr=5.94e-05
Epoch  89/200  avg_loss=0.06491  lr=5.86e-05
Epoch  90/200  avg_loss=0.06492  lr=5.78e-05
Epoch  91/200  avg_loss=0.06500  lr=5.70e-05
Epoch  92/200  avg_loss=0.06466  lr=5.63e-05
Epoch  93/200  avg_loss=0.06510  lr=5.55e-05
Epoch  94/200  avg_loss=0.06387  lr=5.47e-05
Epoch  95/200  avg_loss=0.06418  lr=5.39e-05
Epoch  96/200  avg_loss=0.06360  lr=5.31e-05
Epoch  97/200  avg_loss=0.06297  lr=5.24e-05
Epoch  98/200  avg_loss=0.06196  lr=5.16e-05
Epoch  99/200  avg_loss=0.06290  lr=5.08e-05
Epoch 100/200  avg_loss=0.06208  lr=5.00e-05
Epoch 101/200  avg_loss=0.06206  lr=4.92e-05
Epoch 102/200  avg_loss=0.06350  lr=4.84e-05
Epoch 103/200  avg_loss=0.06245  lr=4.76e-05
Epoch 104/200  avg_loss=0.06117  lr=4.69e-05
Epoch 105/200  avg_loss=0.05996  lr=4.61e-05
Epoch 106/200  avg_loss=0.06006  lr=4.53e-05
Epoch 107/200  avg_loss=0.06001  lr=4.45e-05
Epoch 108/200  avg_loss=0.06029  lr=4.37e-05
Epoch 109/200  avg_loss=0.05951  lr=4.30e-05
Epoch 110/200  avg_loss=0.05935  lr=4.22e-05
Epoch 111/200  avg_loss=0.05916  lr=4.14e-05
Epoch 112/200  avg_loss=0.05774  lr=4.06e-05
Epoch 113/200  avg_loss=0.05684  lr=3.99e-05
Epoch 114/200  avg_loss=0.05689  lr=3.91e-05
Epoch 115/200  avg_loss=0.05635  lr=3.83e-05
Epoch 116/200  avg_loss=0.05609  lr=3.76e-05
Epoch 117/200  avg_loss=0.05687  lr=3.68e-05
Epoch 118/200  avg_loss=0.05574  lr=3.61e-05
Epoch 119/200  avg_loss=0.05443  lr=3.53e-05
Epoch 120/200  avg_loss=0.05453  lr=3.45e-05
Epoch 121/200  avg_loss=0.05544  lr=3.38e-05
Epoch 122/200  avg_loss=0.05450  lr=3.31e-05
Epoch 123/200  avg_loss=0.05379  lr=3.23e-05
Epoch 124/200  avg_loss=0.05285  lr=3.16e-05
Epoch 125/200  avg_loss=0.05392  lr=3.09e-05
Epoch 126/200  avg_loss=0.05492  lr=3.01e-05
Epoch 127/200  avg_loss=0.05269  lr=2.94e-05
Epoch 128/200  avg_loss=0.05301  lr=2.87e-05
Epoch 129/200  avg_loss=0.05334  lr=2.80e-05
Epoch 130/200  avg_loss=0.05279  lr=2.73e-05
Epoch 131/200  avg_loss=0.05291  lr=2.66e-05
Epoch 132/200  avg_loss=0.05193  lr=2.59e-05
Epoch 133/200  avg_loss=0.05317  lr=2.52e-05
Epoch 134/200  avg_loss=0.05333  lr=2.45e-05
Epoch 135/200  avg_loss=0.05200  lr=2.39e-05
Epoch 136/200  avg_loss=0.05198  lr=2.32e-05
Epoch 137/200  avg_loss=0.05127  lr=2.25e-05
Epoch 138/200  avg_loss=0.05169  lr=2.19e-05
Epoch 139/200  avg_loss=0.05126  lr=2.12e-05
Epoch 140/200  avg_loss=0.05190  lr=2.06e-05
Epoch 141/200  avg_loss=0.05186  lr=2.00e-05
Epoch 142/200  avg_loss=0.05216  lr=1.94e-05
Epoch 143/200  avg_loss=0.05110  lr=1.87e-05
Epoch 144/200  avg_loss=0.05210  lr=1.81e-05
Epoch 145/200  avg_loss=0.04959  lr=1.75e-05
Epoch 146/200  avg_loss=0.05250  lr=1.69e-05
Epoch 147/200  avg_loss=0.05162  lr=1.63e-05
Epoch 148/200  avg_loss=0.05041  lr=1.58e-05
Epoch 149/200  avg_loss=0.05124  lr=1.52e-05
Epoch 150/200  avg_loss=0.05081  lr=1.46e-05
Epoch 151/200  avg_loss=0.05110  lr=1.41e-05
Epoch 152/200  avg_loss=0.05082  lr=1.36e-05
Epoch 153/200  avg_loss=0.05117  lr=1.30e-05
Epoch 154/200  avg_loss=0.05094  lr=1.25e-05
Epoch 155/200  avg_loss=0.05126  lr=1.20e-05
Epoch 156/200  avg_loss=0.05086  lr=1.15e-05
Epoch 157/200  avg_loss=0.05099  lr=1.10e-05
Epoch 158/200  avg_loss=0.05030  lr=1.05e-05
Epoch 159/200  avg_loss=0.05100  lr=1.00e-05
Epoch 160/200  avg_loss=0.05155  lr=9.55e-06
Epoch 161/200  avg_loss=0.05099  lr=9.09e-06
Epoch 162/200  avg_loss=0.04997  lr=8.65e-06
Epoch 163/200  avg_loss=0.05046  lr=8.21e-06
Epoch 164/200  avg_loss=0.04914  lr=7.78e-06
Epoch 165/200  avg_loss=0.05033  lr=7.37e-06
Epoch 166/200  avg_loss=0.05069  lr=6.96e-06
Epoch 167/200  avg_loss=0.05076  lr=6.57e-06
Epoch 168/200  avg_loss=0.05061  lr=6.18e-06
Epoch 169/200  avg_loss=0.04987  lr=5.81e-06
Epoch 170/200  avg_loss=0.05073  lr=5.45e-06
Epoch 171/200  avg_loss=0.05007  lr=5.10e-06
Epoch 172/200  avg_loss=0.04967  lr=4.76e-06
Epoch 173/200  avg_loss=0.04908  lr=4.43e-06
Epoch 174/200  avg_loss=0.05026  lr=4.11e-06
Epoch 175/200  avg_loss=0.05020  lr=3.81e-06
Epoch 176/200  avg_loss=0.05092  lr=3.51e-06
Epoch 177/200  avg_loss=0.05047  lr=3.23e-06
Epoch 178/200  avg_loss=0.04919  lr=2.96e-06
Epoch 179/200  avg_loss=0.05026  lr=2.70e-06
Epoch 180/200  avg_loss=0.05046  lr=2.45e-06
Epoch 181/200  avg_loss=0.04872  lr=2.21e-06
Epoch 182/200  avg_loss=0.04963  lr=1.99e-06
Epoch 183/200  avg_loss=0.04919  lr=1.77e-06
Epoch 184/200  avg_loss=0.05067  lr=1.57e-06
Epoch 185/200  avg_loss=0.05041  lr=1.38e-06
Epoch 186/200  avg_loss=0.04962  lr=1.20e-06
Epoch 187/200  avg_loss=0.04962  lr=1.04e-06
Epoch 188/200  avg_loss=0.04991  lr=8.86e-07
Epoch 189/200  avg_loss=0.04995  lr=7.45e-07
Epoch 190/200  avg_loss=0.04975  lr=6.16e-07
Epoch 191/200  avg_loss=0.04983  lr=4.99e-07
Epoch 192/200  avg_loss=0.05026  lr=3.94e-07
Epoch 193/200  avg_loss=0.04942  lr=3.02e-07
Epoch 194/200  avg_loss=0.04879  lr=2.22e-07
Epoch 195/200  avg_loss=0.05004  lr=1.54e-07
Epoch 196/200  avg_loss=0.04908  lr=9.87e-08
Epoch 197/200  avg_loss=0.04970  lr=5.55e-08
Epoch 198/200  avg_loss=0.04982  lr=2.47e-08
Epoch 199/200  avg_loss=0.05002  lr=6.17e-09
Epoch 200/200  avg_loss=0.04995  lr=0.00e+00
Saved checkpoint to double_pendulum/results/diffusion_policy.pt
